***********************FIRST PASS ********************** 
In line  1  : .public d, e, f
Tokens:
  0 .public 
  1 d 
  2 e 
  3 f 
TokenEnd
In line  2  : .extern g, h, i, main, a
Tokens:
  0 .extern 
  1 g 
  2 h 
  3 i 
  4 main 
  5 a 
TokenEnd
In line  3  : 
Tokens:
TokenEnd
In line  4  : .text.2
Tokens:
  0 .text.2 
TokenEnd
In line  5  : 
Tokens:
TokenEnd
In line  6  : 
Tokens:
TokenEnd
In line  7  : ldcal r13, main
Tokens:
  0 ldcal 
  1 r13 
  2 main 
TokenEnd
In line  8  : ldchal r12, firstChar
Tokens:
  0 ldchal 
  1 r12 
  2 firstChar 
TokenEnd
In line  9  : ldclal r1, firstLong
Tokens:
  0 ldclal 
  1 r1 
  2 firstLong 
TokenEnd
In line 10  : ldclal r1, g
Tokens:
  0 ldclal 
  1 r1 
  2 g 
TokenEnd
In line 11  : ldcheq r1, h
Tokens:
  0 ldcheq 
  1 r1 
  2 h 
TokenEnd
In line 12  : 
Tokens:
TokenEnd
In line 13  : 
Tokens:
TokenEnd
In line 14  : d: intal 0x0
Tokens:
  0 d 
  1 intal 
  2 0x0 
TokenEnd
In line 15  : 
Tokens:
TokenEnd
In line 16  : .data.2
Tokens:
  0 .data.2 
TokenEnd
In line 17  : firstChar:
Tokens:
  0 firstChar 
TokenEnd
In line 18  : .char 1
Tokens:
  0 .char 
  1 1 
TokenEnd
In line 19  : .align 1
Tokens:
  0 .align 
  1 1 
TokenEnd
In line 20  : 
Tokens:
TokenEnd
In line 21  : firstLong:.long  a , d, e, f
Tokens:
  0 firstLong 
  1 .long 
  2 a 
  3 , 
  4 d 
  5 , 
  6 e 
  7 , 
  8 f 
TokenEnd
In line 22  : e:
Tokens:
  0 e 
TokenEnd
In line 23  : .char 7, 2, 3
Tokens:
  0 .char 
  1 7 
  2 2 
  3 3 
TokenEnd
In line 24  : .bss.2
Tokens:
  0 .bss.2 
TokenEnd
In line 25  : f:.skip 1
Tokens:
  0 f 
  1 .skip 
  2 1 
TokenEnd
In line 26  : .end
Tokens:
  0 .end 
TokenEnd
***********************FIRST PASS ********************** 
***********************SECOND PASS ********************** 
In line  1  : .public d, e, f
Tokens:
  0 .public 
  1 d 
  2 e 
  3 f 
TokenEnd
In line  2  : .extern g, h, i, main, a
Tokens:
  0 .extern 
  1 g 
  2 h 
  3 i 
  4 main 
  5 a 
TokenEnd
In line  3  : 
Tokens:
TokenEnd
In line  4  : .text.2
Tokens:
  0 .text.2 
TokenEnd
In line  5  : 
Tokens:
TokenEnd
In line  6  : 
Tokens:
TokenEnd
In line  7  : ldcal r13, main
Tokens:
  0 ldcal 
  1 r13 
  2 main 
TokenEnd
In line  8  : ldchal r12, firstChar
Tokens:
  0 ldchal 
  1 r12 
  2 firstChar 
TokenEnd
In line  9  : ldclal r1, firstLong
Tokens:
  0 ldclal 
  1 r1 
  2 firstLong 
TokenEnd
In line 10  : ldclal r1, g
Tokens:
  0 ldclal 
  1 r1 
  2 g 
TokenEnd
In line 11  : ldcheq r1, h
Tokens:
  0 ldcheq 
  1 r1 
  2 h 
TokenEnd
In line 12  : 
Tokens:
TokenEnd
In line 13  : 
Tokens:
TokenEnd
In line 14  : d: intal 0x0
Tokens:
  0 d 
  1 intal 
  2 0x0 
TokenEnd
In line 15  : 
Tokens:
TokenEnd
In line 16  : .data.2
Tokens:
  0 .data.2 
TokenEnd
In line 17  : firstChar:
Tokens:
  0 firstChar 
TokenEnd
In line 18  : .char 1
Tokens:
  0 .char 
  1 1 
TokenEnd
In line 19  : .align 1
Tokens:
  0 .align 
  1 1 
TokenEnd
In line 20  : 
Tokens:
TokenEnd
In line 21  : firstLong:.long  a , d, e, f
Tokens:
  0 firstLong 
  1 .long 
  2 a 
  3 , 
  4 d 
  5 , 
  6 e 
  7 , 
  8 f 
TokenEnd
In line 22  : e:
Tokens:
  0 e 
TokenEnd
In line 23  : .char 7, 2, 3
Tokens:
  0 .char 
  1 7 
  2 2 
  3 3 
TokenEnd
In line 24  : .bss.2
Tokens:
  0 .bss.2 
TokenEnd
In line 25  : f:.skip 1
Tokens:
  0 f 
  1 .skip 
  2 1 
TokenEnd
In line 26  : .end
Tokens:
  0 .end 
TokenEnd
***********************SECOND PASS ********************** 
