***********************FIRST PASS ********************** 
In line  1  : .public printNum, main
Tokens:
  0 .public 
  1 printNum 
  2 main 
TokenEnd
In line  2  : 
Tokens:
TokenEnd
In line  3  : .text.Print
Tokens:
  0 .text.Print 
TokenEnd
In line  4  : 
Tokens:
TokenEnd
In line  5  : printNum:
Tokens:
  0 printNum 
TokenEnd
In line  6  : main:ldcal r15, adrWrite
Tokens:
  0 main 
  1 ldcal 
  2 r15 
  3 adrWrite 
TokenEnd
In line  7  : 
Tokens:
TokenEnd
In line  8  : ldcal r13, adr0
Tokens:
  0 ldcal 
  1 r13 
  2 adr0 
TokenEnd
In line  9  : ldral r15, r15, 0
Tokens:
  0 ldral 
  1 r15 
  2 r15 
  3 0 
TokenEnd
In line 10  : ldcal r0, 123456
Tokens:
  0 ldcal 
  1 r0 
  2 123456 
TokenEnd
In line 11  : 
Tokens:
TokenEnd
In line 12  : cmpals r0, 0
Tokens:
  0 cmpals 
  1 r0 
  2 0 
TokenEnd
In line 13  : 
Tokens:
TokenEnd
In line 14  : ldcal r12, printZero
Tokens:
  0 ldcal 
  1 r12 
  2 printZero 
TokenEnd
In line 15  : calleq r12, 0
Tokens:
  0 calleq 
  1 r12 
  2 0 
TokenEnd
In line 16  : 
Tokens:
TokenEnd
In line 17  : stral sp, r0, 0, prefixDec
Tokens:
  0 stral 
  1 sp 
  2 r0 
  3 0 
  4 prefixDec 
TokenEnd
In line 18  : stral sp, lr, 0, prefixDec
Tokens:
  0 stral 
  1 sp 
  2 lr 
  3 0 
  4 prefixDec 
TokenEnd
In line 19  : stral sp, r2, 0, prefixDec
Tokens:
  0 stral 
  1 sp 
  2 r2 
  3 0 
  4 prefixDec 
TokenEnd
In line 20  : 
Tokens:
TokenEnd
In line 21  : ldcal r12, loop
Tokens:
  0 ldcal 
  1 r12 
  2 loop 
TokenEnd
In line 22  : callal r12, 0
Tokens:
  0 callal 
  1 r12 
  2 0 
TokenEnd
In line 23  : 
Tokens:
TokenEnd
In line 24  : ldral sp, r2, 0, postfixInc
Tokens:
  0 ldral 
  1 sp 
  2 r2 
  3 0 
  4 postfixInc 
TokenEnd
In line 25  : ldral sp, lr, 0, postfixInc
Tokens:
  0 ldral 
  1 sp 
  2 lr 
  3 0 
  4 postfixInc 
TokenEnd
In line 26  : ldral sp, r0, 0, postfixInc
Tokens:
  0 ldral 
  1 sp 
  2 r0 
  3 0 
  4 postfixInc 
TokenEnd
In line 27  : 
Tokens:
TokenEnd
In line 28  : ldcal r12, finish
Tokens:
  0 ldcal 
  1 r12 
  2 finish 
TokenEnd
In line 29  : calleq r12, 0
Tokens:
  0 calleq 
  1 r12 
  2 0 
TokenEnd
In line 30  : 
Tokens:
TokenEnd
In line 31  : 
Tokens:
TokenEnd
In line 32  : .text.2
Tokens:
  0 .text.2 
TokenEnd
In line 33  : finish:
Tokens:
  0 finish 
TokenEnd
In line 34  : intal 0x0
Tokens:
  0 intal 
  1 0x0 
TokenEnd
In line 35  : 
Tokens:
TokenEnd
In line 36  : .text.3
Tokens:
  0 .text.3 
TokenEnd
In line 37  : 
Tokens:
TokenEnd
In line 38  : 
Tokens:
TokenEnd
In line 39  : loop:
Tokens:
  0 loop 
TokenEnd
In line 40  : cmpals r0, 0
Tokens:
  0 cmpals 
  1 r0 
  2 0 
TokenEnd
In line 41  : moveq pc, lr
Tokens:
  0 moveq 
  1 pc 
  2 lr 
TokenEnd
In line 42  : 
Tokens:
TokenEnd
In line 43  : moval r1, r0
Tokens:
  0 moval 
  1 r1 
  2 r0 
TokenEnd
In line 44  : dival r1, 10
Tokens:
  0 dival 
  1 r1 
  2 10 
TokenEnd
In line 45  : mulal r1, 10
Tokens:
  0 mulal 
  1 r1 
  2 10 
TokenEnd
In line 46  : moval r2, r0
Tokens:
  0 moval 
  1 r2 
  2 r0 
TokenEnd
In line 47  : subal r2, r1
Tokens:
  0 subal 
  1 r2 
  2 r1 
TokenEnd
In line 48  : dival r0, 10
Tokens:
  0 dival 
  1 r0 
  2 10 
TokenEnd
In line 49  : 
Tokens:
TokenEnd
In line 50  : stral sp, r0, 0, prefixDec
Tokens:
  0 stral 
  1 sp 
  2 r0 
  3 0 
  4 prefixDec 
TokenEnd
In line 51  : stral sp, lr, 0, prefixDec
Tokens:
  0 stral 
  1 sp 
  2 lr 
  3 0 
  4 prefixDec 
TokenEnd
In line 52  : stral sp, r2, 0, prefixDec
Tokens:
  0 stral 
  1 sp 
  2 r2 
  3 0 
  4 prefixDec 
TokenEnd
In line 53  : 
Tokens:
TokenEnd
In line 54  : ldcal r12, loop
Tokens:
  0 ldcal 
  1 r12 
  2 loop 
TokenEnd
In line 55  : callal r12, 0
Tokens:
  0 callal 
  1 r12 
  2 0 
TokenEnd
In line 56  : 
Tokens:
TokenEnd
In line 57  : ldral sp, r2, 0, postfixInc
Tokens:
  0 ldral 
  1 sp 
  2 r2 
  3 0 
  4 postfixInc 
TokenEnd
In line 58  : ldral sp, lr, 0, postfixInc
Tokens:
  0 ldral 
  1 sp 
  2 lr 
  3 0 
  4 postfixInc 
TokenEnd
In line 59  : ldral sp, r0, 0, postfixInc
Tokens:
  0 ldral 
  1 sp 
  2 r0 
  3 0 
  4 postfixInc 
TokenEnd
In line 60  : 
Tokens:
TokenEnd
In line 61  : 
Tokens:
TokenEnd
In line 62  : ldral r13, r3, 0
Tokens:
  0 ldral 
  1 r13 
  2 r3 
  3 0 
TokenEnd
In line 63  : addal r2, r3
Tokens:
  0 addal 
  1 r2 
  2 r3 
TokenEnd
In line 64  : 
Tokens:
TokenEnd
In line 65  : outal r2, r15
Tokens:
  0 outal 
  1 r2 
  2 r15 
TokenEnd
In line 66  : moval pc, lr
Tokens:
  0 moval 
  1 pc 
  2 lr 
TokenEnd
In line 67  : 
Tokens:
TokenEnd
In line 68  : 
Tokens:
TokenEnd
In line 69  : 
Tokens:
TokenEnd
In line 70  : printZero:
Tokens:
  0 printZero 
TokenEnd
In line 71  : 
Tokens:
TokenEnd
In line 72  : ldral r13, r1, 0
Tokens:
  0 ldral 
  1 r13 
  2 r1 
  3 0 
TokenEnd
In line 73  : outal r1, r15
Tokens:
  0 outal 
  1 r1 
  2 r15 
TokenEnd
In line 74  : 
Tokens:
TokenEnd
In line 75  : moval pc, lr
Tokens:
  0 moval 
  1 pc 
  2 lr 
TokenEnd
In line 76  : 
Tokens:
TokenEnd
In line 77  : 
Tokens:
TokenEnd
In line 78  : .data.print
Tokens:
  0 .data.print 
TokenEnd
In line 79  : adr0: .char '0', 0, 0, 0
Tokens:
  0 adr0 
  1 .char 
  2 '0' 
  3 0 
  4 0 
  5 0 
TokenEnd
In line 80  : adr9: .char '9', 0, 0, 0
Tokens:
  0 adr9 
  1 .char 
  2 '9' 
  3 0 
  4 0 
  5 0 
TokenEnd
In line 81  : 
Tokens:
TokenEnd
In line 82  : 
Tokens:
TokenEnd
In line 83  : .data.Memory
Tokens:
  0 .data.Memory 
TokenEnd
In line 84  : adrRead: .long 0x1000
Tokens:
  0 adrRead 
  1 .long 
  2 0x1000 
TokenEnd
In line 85  : adrStaturRead : .long 0x1010
Tokens:
  0 adrStaturRead 
  1 .long 
  2 0x1010 
TokenEnd
In line 86  : adrWrite : .long 0x2000
Tokens:
  0 adrWrite 
  1 .long 
  2 0x2000 
TokenEnd
In line 87  : 
Tokens:
TokenEnd
In line 88  : .end
Tokens:
  0 .end 
TokenEnd
***********************FIRST PASS ********************** 
***********************SECOND PASS ********************** 
In line  1  : .public printNum, main
Tokens:
  0 .public 
  1 printNum 
  2 main 
TokenEnd
In line  2  : 
Tokens:
TokenEnd
In line  3  : .text.Print
Tokens:
  0 .text.Print 
TokenEnd
In line  4  : 
Tokens:
TokenEnd
In line  5  : printNum:
Tokens:
  0 printNum 
TokenEnd
In line  6  : main:ldcal r15, adrWrite
Tokens:
  0 main 
  1 ldcal 
  2 r15 
  3 adrWrite 
TokenEnd
In line  7  : 
Tokens:
TokenEnd
In line  8  : ldcal r13, adr0
Tokens:
  0 ldcal 
  1 r13 
  2 adr0 
TokenEnd
In line  9  : ldral r15, r15, 0
Tokens:
  0 ldral 
  1 r15 
  2 r15 
  3 0 
TokenEnd
In line 10  : ldcal r0, 123456
Tokens:
  0 ldcal 
  1 r0 
  2 123456 
TokenEnd
In line 11  : 
Tokens:
TokenEnd
In line 12  : cmpals r0, 0
Tokens:
  0 cmpals 
  1 r0 
  2 0 
TokenEnd
In line 13  : 
Tokens:
TokenEnd
In line 14  : ldcal r12, printZero
Tokens:
  0 ldcal 
  1 r12 
  2 printZero 
TokenEnd
In line 15  : calleq r12, 0
Tokens:
  0 calleq 
  1 r12 
  2 0 
TokenEnd
In line 16  : 
Tokens:
TokenEnd
In line 17  : stral sp, r0, 0, prefixDec
Tokens:
  0 stral 
  1 sp 
  2 r0 
  3 0 
  4 prefixDec 
TokenEnd
In line 18  : stral sp, lr, 0, prefixDec
Tokens:
  0 stral 
  1 sp 
  2 lr 
  3 0 
  4 prefixDec 
TokenEnd
In line 19  : stral sp, r2, 0, prefixDec
Tokens:
  0 stral 
  1 sp 
  2 r2 
  3 0 
  4 prefixDec 
TokenEnd
In line 20  : 
Tokens:
TokenEnd
In line 21  : ldcal r12, loop
Tokens:
  0 ldcal 
  1 r12 
  2 loop 
TokenEnd
In line 22  : callal r12, 0
Tokens:
  0 callal 
  1 r12 
  2 0 
TokenEnd
In line 23  : 
Tokens:
TokenEnd
In line 24  : ldral sp, r2, 0, postfixInc
Tokens:
  0 ldral 
  1 sp 
  2 r2 
  3 0 
  4 postfixInc 
TokenEnd
In line 25  : ldral sp, lr, 0, postfixInc
Tokens:
  0 ldral 
  1 sp 
  2 lr 
  3 0 
  4 postfixInc 
TokenEnd
In line 26  : ldral sp, r0, 0, postfixInc
Tokens:
  0 ldral 
  1 sp 
  2 r0 
  3 0 
  4 postfixInc 
TokenEnd
In line 27  : 
Tokens:
TokenEnd
In line 28  : ldcal r12, finish
Tokens:
  0 ldcal 
  1 r12 
  2 finish 
TokenEnd
In line 29  : calleq r12, 0
Tokens:
  0 calleq 
  1 r12 
  2 0 
TokenEnd
In line 30  : 
Tokens:
TokenEnd
In line 31  : 
Tokens:
TokenEnd
In line 32  : .text.2
Tokens:
  0 .text.2 
TokenEnd
In line 33  : finish:
Tokens:
  0 finish 
TokenEnd
In line 34  : intal 0x0
Tokens:
  0 intal 
  1 0x0 
TokenEnd
In line 35  : 
Tokens:
TokenEnd
In line 36  : .text.3
Tokens:
  0 .text.3 
TokenEnd
In line 37  : 
Tokens:
TokenEnd
In line 38  : 
Tokens:
TokenEnd
In line 39  : loop:
Tokens:
  0 loop 
TokenEnd
In line 40  : cmpals r0, 0
Tokens:
  0 cmpals 
  1 r0 
  2 0 
TokenEnd
In line 41  : moveq pc, lr
Tokens:
  0 moveq 
  1 pc 
  2 lr 
TokenEnd
In line 42  : 
Tokens:
TokenEnd
In line 43  : moval r1, r0
Tokens:
  0 moval 
  1 r1 
  2 r0 
TokenEnd
In line 44  : dival r1, 10
Tokens:
  0 dival 
  1 r1 
  2 10 
TokenEnd
In line 45  : mulal r1, 10
Tokens:
  0 mulal 
  1 r1 
  2 10 
TokenEnd
In line 46  : moval r2, r0
Tokens:
  0 moval 
  1 r2 
  2 r0 
TokenEnd
In line 47  : subal r2, r1
Tokens:
  0 subal 
  1 r2 
  2 r1 
TokenEnd
In line 48  : dival r0, 10
Tokens:
  0 dival 
  1 r0 
  2 10 
TokenEnd
In line 49  : 
Tokens:
TokenEnd
In line 50  : stral sp, r0, 0, prefixDec
Tokens:
  0 stral 
  1 sp 
  2 r0 
  3 0 
  4 prefixDec 
TokenEnd
In line 51  : stral sp, lr, 0, prefixDec
Tokens:
  0 stral 
  1 sp 
  2 lr 
  3 0 
  4 prefixDec 
TokenEnd
In line 52  : stral sp, r2, 0, prefixDec
Tokens:
  0 stral 
  1 sp 
  2 r2 
  3 0 
  4 prefixDec 
TokenEnd
In line 53  : 
Tokens:
TokenEnd
In line 54  : ldcal r12, loop
Tokens:
  0 ldcal 
  1 r12 
  2 loop 
TokenEnd
In line 55  : callal r12, 0
Tokens:
  0 callal 
  1 r12 
  2 0 
TokenEnd
In line 56  : 
Tokens:
TokenEnd
In line 57  : ldral sp, r2, 0, postfixInc
Tokens:
  0 ldral 
  1 sp 
  2 r2 
  3 0 
  4 postfixInc 
TokenEnd
In line 58  : ldral sp, lr, 0, postfixInc
Tokens:
  0 ldral 
  1 sp 
  2 lr 
  3 0 
  4 postfixInc 
TokenEnd
In line 59  : ldral sp, r0, 0, postfixInc
Tokens:
  0 ldral 
  1 sp 
  2 r0 
  3 0 
  4 postfixInc 
TokenEnd
In line 60  : 
Tokens:
TokenEnd
In line 61  : 
Tokens:
TokenEnd
In line 62  : ldral r13, r3, 0
Tokens:
  0 ldral 
  1 r13 
  2 r3 
  3 0 
TokenEnd
In line 63  : addal r2, r3
Tokens:
  0 addal 
  1 r2 
  2 r3 
TokenEnd
In line 64  : 
Tokens:
TokenEnd
In line 65  : outal r2, r15
Tokens:
  0 outal 
  1 r2 
  2 r15 
TokenEnd
In line 66  : moval pc, lr
Tokens:
  0 moval 
  1 pc 
  2 lr 
TokenEnd
In line 67  : 
Tokens:
TokenEnd
In line 68  : 
Tokens:
TokenEnd
In line 69  : 
Tokens:
TokenEnd
In line 70  : printZero:
Tokens:
  0 printZero 
TokenEnd
In line 71  : 
Tokens:
TokenEnd
In line 72  : ldral r13, r1, 0
Tokens:
  0 ldral 
  1 r13 
  2 r1 
  3 0 
TokenEnd
In line 73  : outal r1, r15
Tokens:
  0 outal 
  1 r1 
  2 r15 
TokenEnd
In line 74  : 
Tokens:
TokenEnd
In line 75  : moval pc, lr
Tokens:
  0 moval 
  1 pc 
  2 lr 
TokenEnd
In line 76  : 
Tokens:
TokenEnd
In line 77  : 
Tokens:
TokenEnd
In line 78  : .data.print
Tokens:
  0 .data.print 
TokenEnd
In line 79  : adr0: .char '0', 0, 0, 0
Tokens:
  0 adr0 
  1 .char 
  2 '0' 
  3 0 
  4 0 
  5 0 
TokenEnd
In line 80  : adr9: .char '9', 0, 0, 0
Tokens:
  0 adr9 
  1 .char 
  2 '9' 
  3 0 
  4 0 
  5 0 
TokenEnd
In line 81  : 
Tokens:
TokenEnd
In line 82  : 
Tokens:
TokenEnd
In line 83  : .data.Memory
Tokens:
  0 .data.Memory 
TokenEnd
In line 84  : adrRead: .long 0x1000
Tokens:
  0 adrRead 
  1 .long 
  2 0x1000 
TokenEnd
In line 85  : adrStaturRead : .long 0x1010
Tokens:
  0 adrStaturRead 
  1 .long 
  2 0x1010 
TokenEnd
In line 86  : adrWrite : .long 0x2000
Tokens:
  0 adrWrite 
  1 .long 
  2 0x2000 
TokenEnd
In line 87  : 
Tokens:
TokenEnd
In line 88  : .end
Tokens:
  0 .end 
TokenEnd
***********************SECOND PASS ********************** 
